
> thoughts-whatever@0.1.0 start
> next start -p 3102

  ▲ Next.js 14.2.35
  - Local:        http://localhost:3102

 ✓ Starting...
 ✓ Ready in 985ms
[performance] {"traceId":"ef215047-36e0-497b-ad56-27d5806bbf49","operation":"reference.data","status":"ok","durationMs":1262.713499999998,"stages":[{"stage":"count","durationMs":822.9212000000043,"status":"ok"},{"stage":"stats","durationMs":828.2487000000037,"status":"ok"},{"stage":"cards","durationMs":1262.2039000000004,"status":"ok"}]}
[performance] {"traceId":"1815be1d-df4c-4246-b99f-5d9cb3191dfa","operation":"reference.data","status":"ok","durationMs":648.6811999999991,"stages":[{"stage":"count","durationMs":179.1247000000003,"status":"ok"},{"stage":"stats","durationMs":199.20609999999579,"status":"ok"},{"stage":"cards","durationMs":648.6113000000041,"status":"ok"}]}
[performance] {"traceId":"5cf1d390-168d-446a-bbc1-5d6578d46ce6","operation":"reference.data","status":"ok","durationMs":592.6849999999977,"stages":[{"stage":"count","durationMs":171.07990000000427,"status":"ok"},{"stage":"stats","durationMs":184.08060000000114,"status":"ok"},{"stage":"cards","durationMs":592.2456999999995,"status":"ok"}]}
[performance] {"traceId":"8bbd1d42-953b-4117-bd0e-1343e7cbb74a","operation":"reference.data","status":"ok","durationMs":605.924500000001,"stages":[{"stage":"count","durationMs":174.38410000000295,"status":"ok"},{"stage":"stats","durationMs":192.44620000000577,"status":"ok"},{"stage":"cards","durationMs":605.8363000000027,"status":"ok"}]}
[performance] {"traceId":"035f71fb-02a1-4718-84f8-e651ebba9caf","operation":"reference.data","status":"ok","durationMs":592.210699999996,"stages":[{"stage":"count","durationMs":174.19400000000314,"status":"ok"},{"stage":"stats","durationMs":188.83580000000075,"status":"ok"},{"stage":"cards","durationMs":592.1546999999991,"status":"ok"}]}
[performance] {"traceId":"2a3e17a1-ebae-4eb3-8545-6781b8b5c33e","operation":"reference.data","status":"ok","durationMs":593.3729000000021,"stages":[{"stage":"count","durationMs":180.7433000000019,"status":"ok"},{"stage":"stats","durationMs":188.07250000000204,"status":"ok"},{"stage":"cards","durationMs":593.2858000000051,"status":"ok"}]}
[performance] {"traceId":"ee6328bf-c088-4346-b0dc-2c045ac6d825","operation":"reference.data","status":"ok","durationMs":598.4818999999989,"stages":[{"stage":"count","durationMs":172.1632000000027,"status":"ok"},{"stage":"stats","durationMs":185.0751999999993,"status":"ok"},{"stage":"cards","durationMs":598.4207999999999,"status":"ok"}]}
[performance] {"traceId":"4f05a0f8-1c23-4871-a83f-cc310b3621b2","operation":"reference.data","status":"ok","durationMs":624.0794999999998,"stages":[{"stage":"count","durationMs":174.79460000000108,"status":"ok"},{"stage":"stats","durationMs":185.16100000000006,"status":"ok"},{"stage":"cards","durationMs":624.0195000000022,"status":"ok"}]}
[performance] {"traceId":"5ecb3ed7-db9f-425a-99bd-29f202727516","operation":"reference.data","status":"ok","durationMs":618.2186999999976,"stages":[{"stage":"count","durationMs":181.30430000000342,"status":"ok"},{"stage":"stats","durationMs":199.33580000000075,"status":"ok"},{"stage":"cards","durationMs":618.139599999995,"status":"ok"}]}
[performance] {"traceId":"349bbf15-1a5b-43ca-a701-a780db22c0b7","operation":"reference.data","status":"ok","durationMs":587.5642000000007,"stages":[{"stage":"count","durationMs":173.13349999999627,"status":"ok"},{"stage":"stats","durationMs":183.67199999999866,"status":"ok"},{"stage":"cards","durationMs":587.5078999999969,"status":"ok"}]}
[performance] {"traceId":"a22cb63a-b9df-4316-b7f1-477317df5f42","operation":"reference.data","status":"ok","durationMs":631.2131000000008,"stages":[{"stage":"count","durationMs":174.64760000000388,"status":"ok"},{"stage":"stats","durationMs":181.34889999999723,"status":"ok"},{"stage":"cards","durationMs":631.1641000000018,"status":"ok"}]}
[performance] {"traceId":"d31bb935-fbff-4c8e-9d28-41f98e4ae1f5","operation":"reference.data","status":"ok","durationMs":609.3124000000025,"stages":[{"stage":"stats","durationMs":172.2525999999998,"status":"ok"},{"stage":"count","durationMs":172.73189999999886,"status":"ok"},{"stage":"cards","durationMs":609.2790999999997,"status":"ok"}]}
[performance] {"traceId":"964bf111-4c3b-44e8-9b7a-ceaf2869edf7","operation":"reference.data","status":"ok","durationMs":600.6959999999963,"stages":[{"stage":"count","durationMs":178.41820000000007,"status":"ok"},{"stage":"stats","durationMs":178.83320000000094,"status":"ok"},{"stage":"cards","durationMs":600.6647999999986,"status":"ok"}]}
[performance] {"traceId":"7697546d-25c0-460a-90a7-d5e170896475","operation":"reference.data","status":"ok","durationMs":632.6800999999978,"stages":[{"stage":"count","durationMs":174.49750000000495,"status":"ok"},{"stage":"stats","durationMs":175.13310000000638,"status":"ok"},{"stage":"cards","durationMs":632.6434999999983,"status":"ok"}]}
[performance] {"traceId":"84e5a5ea-1fff-429a-8bf7-35781312f8c2","operation":"reference.data","status":"ok","durationMs":607.0637000000061,"stages":[{"stage":"stats","durationMs":174.76139999999577,"status":"ok"},{"stage":"count","durationMs":175.76599999999598,"status":"ok"},{"stage":"cards","durationMs":607.024599999997,"status":"ok"}]}
[performance] {"traceId":"f805473a-66e9-42ff-801e-3474eee5bf25","operation":"reference.data","status":"ok","durationMs":644.4289999999892,"stages":[{"stage":"count","durationMs":183.65869999999995,"status":"ok"},{"stage":"stats","durationMs":198.11470000000554,"status":"ok"},{"stage":"cards","durationMs":644.4061000000074,"status":"ok"}]}
[performance] {"traceId":"a42f4c55-8ae1-4a63-ba0e-25e5e2cdfdff","operation":"reference.data","status":"ok","durationMs":606.7851999999984,"stages":[{"stage":"stats","durationMs":178.3336999999883,"status":"ok"},{"stage":"count","durationMs":182.42540000000736,"status":"ok"},{"stage":"cards","durationMs":606.7429999999877,"status":"ok"}]}
[performance] {"traceId":"515653ee-589d-47c1-9ad6-36ff4b47a819","operation":"reference.data","status":"ok","durationMs":618.3460999999952,"stages":[{"stage":"count","durationMs":182.86549999999988,"status":"ok"},{"stage":"stats","durationMs":183.12799999999697,"status":"ok"},{"stage":"cards","durationMs":618.3102999999974,"status":"ok"}]}
[performance] {"traceId":"67d7d589-aaab-4002-b0df-3a8ec6fce1c7","operation":"reference.data","status":"ok","durationMs":616.6722000000009,"stages":[{"stage":"stats","durationMs":174.69640000000072,"status":"ok"},{"stage":"count","durationMs":177.93309999999474,"status":"ok"},{"stage":"cards","durationMs":616.6276000000071,"status":"ok"}]}
[performance] {"traceId":"5690169c-43fe-4665-8905-92ef9eaa8a70","operation":"reference.data","status":"ok","durationMs":619.2599999999948,"stages":[{"stage":"count","durationMs":174.31729999999516,"status":"ok"},{"stage":"stats","durationMs":177.27159999999276,"status":"ok"},{"stage":"cards","durationMs":619.1929999999993,"status":"ok"}]}
