[2026-08-07T18:37:24.506Z] [INFO] Starting Master 15-Step Daily Production Pipeline (exec-1786127844506) 
[2026-08-07T18:37:27.610Z] [INFO] Health Check result: HEALTHY {"memoryUsageMb":18,"dbConnected":true}
[2026-08-07T18:37:27.619Z] [INFO] [Step 1/15] Health Check SUCCESS (3111ms) 
[2026-08-07T18:37:32.419Z] [INFO] [Step 2/15] Database Backup SUCCESS (4799ms) 
[2026-08-07T18:37:33.063Z] [INFO] [Step 3/15] Upload Backup SUCCESS (643ms) 
[2026-08-07T18:37:33.974Z] [INFO] [Step 4/15] Storage & Content Backup SUCCESS (910ms) 
[2026-08-07T18:37:33.976Z] [INFO] [Step 5/15] Image Optimization Audit SUCCESS (1ms) 
[2026-08-07T18:37:33.978Z] [INFO] [Step 6/15] Cache Cleanup SUCCESS (1ms) 
[2026-08-07T18:37:33.982Z] [INFO] [Step 7/15] Temp Cleanup SUCCESS (0ms) 
[2026-08-07T18:37:35.481Z] [INFO] [Step 8/15] Orphan Data Cleanup SUCCESS (1497ms) 
[2026-08-07T18:37:35.885Z] [INFO] [Step 9/15] Log Rotation & R2 Lifecycle Pruning SUCCESS (403ms) 
[2026-08-07T18:37:37.336Z] [INFO] Generated sitemap.xml containing 25 URLs. 
[2026-08-07T18:37:37.337Z] [INFO] [Step 10/15] Regenerate Sitemap XML SUCCESS (1451ms) 
[2026-08-07T18:37:37.855Z] [INFO] Generated rss.xml with 12 latest items. 
[2026-08-07T18:37:37.856Z] [INFO] [Step 11/15] Regenerate RSS XML SUCCESS (518ms) 
[2026-08-07T18:37:39.818Z] [INFO] SEO Audit finished across 12 pieces (9 warnings). 
[2026-08-07T18:37:41.580Z] [INFO] [Step 12/15] SEO Validation & Broken Link Scan SUCCESS (3724ms) 
[2026-08-07T18:37:42.066Z] [INFO] [Step 13/15] Performance Audit SUCCESS (485ms) 
[2026-08-07T18:37:43.779Z] [INFO] Daily Analytics aggregated: 13 views, 6 unique visitors. 
[2026-08-07T18:37:43.780Z] [INFO] [Step 14/15] Security Audit & Analytics Report SUCCESS (1712ms) 
[2026-08-07T18:37:48.231Z] [INFO] Daily production report email delivered to digantab.cse.jisu21@gmail.com, thoughts.whatever26@gmail.com 
[2026-08-07T18:37:48.232Z] [INFO] [Step 15/15] Send Daily Production Report Email SUCCESS (4450ms) 
[2026-08-07T18:37:48.233Z] [INFO] Master Pipeline finished (SUCCESS) in 19.27s 
